nohup: ignoring input
[1/1998] 005030 실패: [5] 허용된 요청 개수를 초과하였습니다[1700:허용된 API 요청 개수를 초과하였습니다. 유량=1, API ID=ka10059]
[2/1998] 02826K 실패: [5] 허용된 요청 개수를 초과하였습니다[1700:허용된 API 요청 개수를 초과하였습니다. 유량=1, API ID=ka10059]
[3/1998] 028300 실패: [5] 허용된 요청 개수를 초과하였습니다[1700:허용된 API 요청 개수를 초과하였습니다. 유량=1, API ID=ka10059]
[4/1998] 028670 실패: [5] 허용된 요청 개수를 초과하였습니다[1700:허용된 API 요청 개수를 초과하였습니다. 유량=1, API ID=ka10059]
[5/1998] 029460 실패: [5] 허용된 요청 개수를 초과하였습니다[1700:허용된 API 요청 개수를 초과하였습니다. 유량=1, API ID=ka10059]
[6/1998] 029480 실패: [5] 허용된 요청 개수를 초과하였습니다[1700:허용된 API 요청 개수를 초과하였습니다. 유량=1, API ID=ka10059]
[7/1998] 029530 실패: [5] 허용된 요청 개수를 초과하였습니다[1700:허용된 API 요청 개수를 초과하였습니다. 유량=1, API ID=ka10059]
[8/1998] 029780 실패: [5] 허용된 요청 개수를 초과하였습니다[1700:허용된 API 요청 개수를 초과하였습니다. 유량=1, API ID=ka10059]
[9/1998] 030000 실패: [5] 허용된 요청 개수를 초과하였습니다[1700:허용된 API 요청 개수를 초과하였습니다. 유량=1, API ID=ka10059]
[10/1998] 030190 실패: [5] 허용된 요청 개수를 초과하였습니다[1700:허용된 API 요청 개수를 초과하였습니다. 유량=1, API ID=ka10059]
[11/1998] 030200 실패: [5] 허용된 요청 개수를 초과하였습니다[1700:허용된 API 요청 개수를 초과하였습니다. 유량=1, API ID=ka10059]
[12/1998] 030210 실패: [5] 허용된 요청 개수를 초과하였습니다[1700:허용된 API 요청 개수를 초과하였습니다. 유량=1, API ID=ka10059]
[13/1998] 030350 실패: [5] 허용된 요청 개수를 초과하였습니다[1700:허용된 API 요청 개수를 초과하였습니다. 유량=1, API ID=ka10059]
[14/1998] 030520 실패: [5] 허용된 요청 개수를 초과하였습니다[1700:허용된 API 요청 개수를 초과하였습니다. 유량=1, API ID=ka10059]
[15/1998] 030530 실패: [5] 허용된 요청 개수를 초과하였습니다[1700:허용된 API 요청 개수를 초과하였습니다. 유량=1, API ID=ka10059]
[16/1998] 030610 실패: [5] 허용된 요청 개수를 초과하였습니다[1700:허용된 API 요청 개수를 초과하였습니다. 유량=1, API ID=ka10059]
[17/1998] 030720 실패: [5] 허용된 요청 개수를 초과하였습니다[1700:허용된 API 요청 개수를 초과하였습니다. 유량=1, API ID=ka10059]
[18/1998] 030960 실패: [5] 허용된 요청 개수를 초과하였습니다[1700:허용된 API 요청 개수를 초과하였습니다. 유량=1, API ID=ka10059]
[19/1998] 031210 실패: [5] 허용된 요청 개수를 초과하였습니다[1700:허용된 API 요청 개수를 초과하였습니다. 유량=1, API ID=ka10059]
[20/1998] 031310 실패: [5] 허용된 요청 개수를 초과하였습니다[1700:허용된 API 요청 개수를 초과하였습니다. 유량=1, API ID=ka10059]
[21/1998] 031330 실패: [5] 허용된 요청 개수를 초과하였습니다[1700:허용된 API 요청 개수를 초과하였습니다. 유량=1, API ID=ka10059]
[22/1998] 031430 실패: [5] 허용된 요청 개수를 초과하였습니다[1700:허용된 API 요청 개수를 초과하였습니다. 유량=1, API ID=ka10059]
[23/1998] 031510 실패: [5] 허용된 요청 개수를 초과하였습니다[1700:허용된 API 요청 개수를 초과하였습니다. 유량=1, API ID=ka10059]
[24/1998] 031820 실패: [5] 허용된 요청 개수를 초과하였습니다[1700:허용된 API 요청 개수를 초과하였습니다. 유량=1, API ID=ka10059]
[25/1998] 031860 실패: [5] 허용된 요청 개수를 초과하였습니다[1700:허용된 API 요청 개수를 초과하였습니다. 유량=1, API ID=ka10059]
[26/1998] 031980 실패: [5] 허용된 요청 개수를 초과하였습니다[1700:허용된 API 요청 개수를 초과하였습니다. 유량=1, API ID=ka10059]
[27/1998] 032080 실패: [5] 허용된 요청 개수를 초과하였습니다[1700:허용된 API 요청 개수를 초과하였습니다. 유량=1, API ID=ka10059]
[28/1998] 032190 실패: [5] 허용된 요청 개수를 초과하였습니다[1700:허용된 API 요청 개수를 초과하였습니다. 유량=1, API ID=ka10059]
[29/1998] 032280 실패: [5] 허용된 요청 개수를 초과하였습니다[1700:허용된 API 요청 개수를 초과하였습니다. 유량=1, API ID=ka10059]
[30/1998] 032300 실패: [5] 허용된 요청 개수를 초과하였습니다[1700:허용된 API 요청 개수를 초과하였습니다. 유량=1, API ID=ka10059]
[31/1998] 032350 실패: [5] 허용된 요청 개수를 초과하였습니다[1700:허용된 API 요청 개수를 초과하였습니다. 유량=1, API ID=ka10059]
[32/1998] 032500 실패: [5] 허용된 요청 개수를 초과하였습니다[1700:허용된 API 요청 개수를 초과하였습니다. 유량=1, API ID=ka10059]
[33/1998] 032540 실패: [5] 허용된 요청 개수를 초과하였습니다[1700:허용된 API 요청 개수를 초과하였습니다. 유량=1, API ID=ka10059]
[34/1998] 032560 실패: [5] 허용된 요청 개수를 초과하였습니다[1700:허용된 API 요청 개수를 초과하였습니다. 유량=1, API ID=ka10059]
[35/1998] 032580 실패: [5] 허용된 요청 개수를 초과하였습니다[1700:허용된 API 요청 개수를 초과하였습니다. 유량=1, API ID=ka10059]
[36/1998] 032620 실패: [5] 허용된 요청 개수를 초과하였습니다[1700:허용된 API 요청 개수를 초과하였습니다. 유량=1, API ID=ka10059]
[37/1998] 032640 실패: [5] 허용된 요청 개수를 초과하였습니다[1700:허용된 API 요청 개수를 초과하였습니다. 유량=1, API ID=ka10059]
[38/1998] 032680 실패: [5] 허용된 요청 개수를 초과하였습니다[1700:허용된 API 요청 개수를 초과하였습니다. 유량=1, API ID=ka10059]
[39/1998] 032685 실패: [5] 허용된 요청 개수를 초과하였습니다[1700:허용된 API 요청 개수를 초과하였습니다. 유량=1, API ID=ka10059]
[40/1998] 032750 실패: [5] 허용된 요청 개수를 초과하였습니다[1700:허용된 API 요청 개수를 초과하였습니다. 유량=1, API ID=ka10059]
[41/1998] 032790 실패: [5] 허용된 요청 개수를 초과하였습니다[1700:허용된 API 요청 개수를 초과하였습니다. 유량=1, API ID=ka10059]
[42/1998] 032800 실패: [5] 허용된 요청 개수를 초과하였습니다[1700:허용된 API 요청 개수를 초과하였습니다. 유량=1, API ID=ka10059]
[43/1998] 032820 실패: [5] 허용된 요청 개수를 초과하였습니다[1700:허용된 API 요청 개수를 초과하였습니다. 유량=1, API ID=ka10059]
[44/1998] 032830 실패: [5] 허용된 요청 개수를 초과하였습니다[1700:허용된 API 요청 개수를 초과하였습니다. 유량=1, API ID=ka10059]
[45/1998] 032850 실패: [5] 허용된 요청 개수를 초과하였습니다[1700:허용된 API 요청 개수를 초과하였습니다. 유량=1, API ID=ka10059]
[46/1998] 032860 실패: [5] 허용된 요청 개수를 초과하였습니다[1700:허용된 API 요청 개수를 초과하였습니다. 유량=1, API ID=ka10059]
[47/1998] 032940 실패: [5] 허용된 요청 개수를 초과하였습니다[1700:허용된 API 요청 개수를 초과하였습니다. 유량=1, API ID=ka10059]
[48/1998] 032960 실패: [5] 허용된 요청 개수를 초과하였습니다[1700:허용된 API 요청 개수를 초과하였습니다. 유량=1, API ID=ka10059]
[49/1998] 033050 실패: [5] 허용된 요청 개수를 초과하였습니다[1700:허용된 API 요청 개수를 초과하였습니다. 유량=1, API ID=ka10059]
[50/1998] 033100 실패: [5] 허용된 요청 개수를 초과하였습니다[1700:허용된 API 요청 개수를 초과하였습니다. 유량=1, API ID=ka10059]
KRX 로그인 시도...
  로그인 ID: landma
KRX 로그인 완료.
  로그인 시간: 2026-09-20 11:40:06
  만료 시간: 2026-09-20 12:40:06
기간 20230921~20260920 대상 1998 종목 (키움 demo)
[50/1998] 진행 중 (실패 50)
[51/1998] 033130 실패: [5] 허용된 요청 개수를 초과하였습니다[1700:허용된 API 요청 개수를 초과하였습니다. 유량=1, API ID=ka10059]
[52/1998] 033160 실패: [5] 허용된 요청 개수를 초과하였습니다[1700:허용된 API 요청 개수를 초과하였습니다. 유량=1, API ID=ka10059]
[53/1998] 033170 실패: [5] 허용된 요청 개수를 초과하였습니다[1700:허용된 API 요청 개수를 초과하였습니다. 유량=1, API ID=ka10059]
[54/1998] 033200 실패: [5] 허용된 요청 개수를 초과하였습니다[1700:허용된 API 요청 개수를 초과하였습니다. 유량=1, API ID=ka10059]
[55/1998] 033230 실패: [5] 허용된 요청 개수를 초과하였습니다[1700:허용된 API 요청 개수를 초과하였습니다. 유량=1, API ID=ka10059]
[56/1998] 033240 실패: [5] 허용된 요청 개수를 초과하였습니다[1700:허용된 API 요청 개수를 초과하였습니다. 유량=1, API ID=ka10059]
[57/1998] 033250 실패: [5] 허용된 요청 개수를 초과하였습니다[1700:허용된 API 요청 개수를 초과하였습니다. 유량=1, API ID=ka10059]
[58/1998] 033270 실패: [5] 허용된 요청 개수를 초과하였습니다[1700:허용된 API 요청 개수를 초과하였습니다. 유량=1, API ID=ka10059]
[59/1998] 033290 실패: [5] 허용된 요청 개수를 초과하였습니다[1700:허용된 API 요청 개수를 초과하였습니다. 유량=1, API ID=ka10059]
[60/1998] 033310 실패: [5] 허용된 요청 개수를 초과하였습니다[1700:허용된 API 요청 개수를 초과하였습니다. 유량=1, API ID=ka10059]
[61/1998] 033320 실패: [5] 허용된 요청 개수를 초과하였습니다[1700:허용된 API 요청 개수를 초과하였습니다. 유량=1, API ID=ka10059]
[62/1998] 033340 실패: [5] 허용된 요청 개수를 초과하였습니다[1700:허용된 API 요청 개수를 초과하였습니다. 유량=1, API ID=ka10059]
[63/1998] 033500 실패: [5] 허용된 요청 개수를 초과하였습니다[1700:허용된 API 요청 개수를 초과하였습니다. 유량=1, API ID=ka10059]
[64/1998] 033530 실패: [5] 허용된 요청 개수를 초과하였습니다[1700:허용된 API 요청 개수를 초과하였습니다. 유량=1, API ID=ka10059]
[65/1998] 033540 실패: [5] 허용된 요청 개수를 초과하였습니다[1700:허용된 API 요청 개수를 초과하였습니다. 유량=1, API ID=ka10059]
[66/1998] 033560 실패: [5] 허용된 요청 개수를 초과하였습니다[1700:허용된 API 요청 개수를 초과하였습니다. 유량=1, API ID=ka10059]
[67/1998] 033640 실패: [5] 허용된 요청 개수를 초과하였습니다[1700:허용된 API 요청 개수를 초과하였습니다. 유량=1, API ID=ka10059]
[68/1998] 033780 실패: [5] 허용된 요청 개수를 초과하였습니다[1700:허용된 API 요청 개수를 초과하였습니다. 유량=1, API ID=ka10059]
[69/1998] 033790 실패: [5] 허용된 요청 개수를 초과하였습니다[1700:허용된 API 요청 개수를 초과하였습니다. 유량=1, API ID=ka10059]
[70/1998] 033830 실패: [5] 허용된 요청 개수를 초과하였습니다[1700:허용된 API 요청 개수를 초과하였습니다. 유량=1, API ID=ka10059]
[71/1998] 033920 실패: [5] 허용된 요청 개수를 초과하였습니다[1700:허용된 API 요청 개수를 초과하였습니다. 유량=1, API ID=ka10059]
[72/1998] 034020 실패: [5] 허용된 요청 개수를 초과하였습니다[1700:허용된 API 요청 개수를 초과하였습니다. 유량=1, API ID=ka10059]
[73/1998] 034120 실패: [5] 허용된 요청 개수를 초과하였습니다[1700:허용된 API 요청 개수를 초과하였습니다. 유량=1, API ID=ka10059]
[74/1998] 034220 실패: [5] 허용된 요청 개수를 초과하였습니다[1700:허용된 API 요청 개수를 초과하였습니다. 유량=1, API ID=ka10059]
[75/1998] 034230 실패: [5] 허용된 요청 개수를 초과하였습니다[1700:허용된 API 요청 개수를 초과하였습니다. 유량=1, API ID=ka10059]
[76/1998] 034310 실패: [5] 허용된 요청 개수를 초과하였습니다[1700:허용된 API 요청 개수를 초과하였습니다. 유량=1, API ID=ka10059]
[77/1998] 034590 실패: [5] 허용된 요청 개수를 초과하였습니다[1700:허용된 API 요청 개수를 초과하였습니다. 유량=1, API ID=ka10059]
[78/1998] 034730 실패: [5] 허용된 요청 개수를 초과하였습니다[1700:허용된 API 요청 개수를 초과하였습니다. 유량=1, API ID=ka10059]
[79/1998] 03473K 실패: [5] 허용된 요청 개수를 초과하였습니다[1700:허용된 API 요청 개수를 초과하였습니다. 유량=1, API ID=ka10059]
[80/1998] 034810 실패: [5] 허용된 요청 개수를 초과하였습니다[1700:허용된 API 요청 개수를 초과하였습니다. 유량=1, API ID=ka10059]
[81/1998] 03481K 실패: [5] 허용된 요청 개수를 초과하였습니다[1700:허용된 API 요청 개수를 초과하였습니다. 유량=1, API ID=ka10059]
[82/1998] 034830 실패: [5] 허용된 요청 개수를 초과하였습니다[1700:허용된 API 요청 개수를 초과하였습니다. 유량=1, API ID=ka10059]
[83/1998] 034940 실패: [5] 허용된 요청 개수를 초과하였습니다[1700:허용된 API 요청 개수를 초과하였습니다. 유량=1, API ID=ka10059]
[84/1998] 034950 실패: [5] 허용된 요청 개수를 초과하였습니다[1700:허용된 API 요청 개수를 초과하였습니다. 유량=1, API ID=ka10059]
[85/1998] 035000 실패: [5] 허용된 요청 개수를 초과하였습니다[1700:허용된 API 요청 개수를 초과하였습니다. 유량=1, API ID=ka10059]
[86/1998] 035080 실패: [5] 허용된 요청 개수를 초과하였습니다[1700:허용된 API 요청 개수를 초과하였습니다. 유량=1, API ID=ka10059]
[87/1998] 035150 실패: [5] 허용된 요청 개수를 초과하였습니다[1700:허용된 API 요청 개수를 초과하였습니다. 유량=1, API ID=ka10059]
[88/1998] 035200 실패: [5] 허용된 요청 개수를 초과하였습니다[1700:허용된 API 요청 개수를 초과하였습니다. 유량=1, API ID=ka10059]
[89/1998] 035250 실패: [5] 허용된 요청 개수를 초과하였습니다[1700:허용된 API 요청 개수를 초과하였습니다. 유량=1, API ID=ka10059]
[90/1998] 035290 실패: [5] 허용된 요청 개수를 초과하였습니다[1700:허용된 API 요청 개수를 초과하였습니다. 유량=1, API ID=ka10059]
[91/1998] 035420 실패: [5] 허용된 요청 개수를 초과하였습니다[1700:허용된 API 요청 개수를 초과하였습니다. 유량=1, API ID=ka10059]
[92/1998] 035460 실패: [5] 허용된 요청 개수를 초과하였습니다[1700:허용된 API 요청 개수를 초과하였습니다. 유량=1, API ID=ka10059]
[93/1998] 035510 실패: [5] 허용된 요청 개수를 초과하였습니다[1700:허용된 API 요청 개수를 초과하였습니다. 유량=1, API ID=ka10059]
[94/1998] 035600 실패: [5] 허용된 요청 개수를 초과하였습니다[1700:허용된 API 요청 개수를 초과하였습니다. 유량=1, API ID=ka10059]
[95/1998] 035610 실패: [5] 허용된 요청 개수를 초과하였습니다[1700:허용된 API 요청 개수를 초과하였습니다. 유량=1, API ID=ka10059]
[96/1998] 035620 실패: [5] 허용된 요청 개수를 초과하였습니다[1700:허용된 API 요청 개수를 초과하였습니다. 유량=1, API ID=ka10059]
[97/1998] 035720 실패: [5] 허용된 요청 개수를 초과하였습니다[1700:허용된 API 요청 개수를 초과하였습니다. 유량=1, API ID=ka10059]
[98/1998] 035760 실패: [5] 허용된 요청 개수를 초과하였습니다[1700:허용된 API 요청 개수를 초과하였습니다. 유량=1, API ID=ka10059]
[99/1998] 035810 실패: [5] 허용된 요청 개수를 초과하였습니다[1700:허용된 API 요청 개수를 초과하였습니다. 유량=1, API ID=ka10059]
[100/1998] 035890 실패: [5] 허용된 요청 개수를 초과하였습니다[1700:허용된 API 요청 개수를 초과하였습니다. 유량=1, API ID=ka10059]
[100/1998] 진행 중 (실패 100)
[101/1998] 035900 실패: [5] 허용된 요청 개수를 초과하였습니다[1700:허용된 API 요청 개수를 초과하였습니다. 유량=1, API ID=ka10059]
[102/1998] 036000 실패: [5] 허용된 요청 개수를 초과하였습니다[1700:허용된 API 요청 개수를 초과하였습니다. 유량=1, API ID=ka10059]
[103/1998] 036010 실패: [5] 허용된 요청 개수를 초과하였습니다[1700:허용된 API 요청 개수를 초과하였습니다. 유량=1, API ID=ka10059]
[104/1998] 036030 실패: [5] 허용된 요청 개수를 초과하였습니다[1700:허용된 API 요청 개수를 초과하였습니다. 유량=1, API ID=ka10059]
[105/1998] 036090 실패: [5] 허용된 요청 개수를 초과하였습니다[1700:허용된 API 요청 개수를 초과하였습니다. 유량=1, API ID=ka10059]
[106/1998] 036120 실패: [5] 허용된 요청 개수를 초과하였습니다[1700:허용된 API 요청 개수를 초과하였습니다. 유량=1, API ID=ka10059]
[107/1998] 036170 실패: [5] 허용된 요청 개수를 초과하였습니다[1700:허용된 API 요청 개수를 초과하였습니다. 유량=1, API ID=ka10059]
[108/1998] 036190 실패: [5] 허용된 요청 개수를 초과하였습니다[1700:허용된 API 요청 개수를 초과하였습니다. 유량=1, API ID=ka10059]
[109/1998] 036200 실패: [5] 허용된 요청 개수를 초과하였습니다[1700:허용된 API 요청 개수를 초과하였습니다. 유량=1, API ID=ka10059]
[110/1998] 036220 실패: [5] 허용된 요청 개수를 초과하였습니다[1700:허용된 API 요청 개수를 초과하였습니다. 유량=1, API ID=ka10059]
[111/1998] 036420 실패: [5] 허용된 요청 개수를 초과하였습니다[1700:허용된 API 요청 개수를 초과하였습니다. 유량=1, API ID=ka10059]
[112/1998] 036460 실패: [5] 허용된 요청 개수를 초과하였습니다[1700:허용된 API 요청 개수를 초과하였습니다. 유량=1, API ID=ka10059]
[113/1998] 036480 실패: [5] 허용된 요청 개수를 초과하였습니다[1700:허용된 API 요청 개수를 초과하였습니다. 유량=1, API ID=ka10059]
[114/1998] 036530 실패: [5] 허용된 요청 개수를 초과하였습니다[1700:허용된 API 요청 개수를 초과하였습니다. 유량=1, API ID=ka10059]
[115/1998] 036540 실패: [5] 허용된 요청 개수를 초과하였습니다[1700:허용된 API 요청 개수를 초과하였습니다. 유량=1, API ID=ka10059]
[116/1998] 036560 실패: [5] 허용된 요청 개수를 초과하였습니다[1700:허용된 API 요청 개수를 초과하였습니다. 유량=1, API ID=ka10059]
[117/1998] 036570 실패: [5] 허용된 요청 개수를 초과하였습니다[1700:허용된 API 요청 개수를 초과하였습니다. 유량=1, API ID=ka10059]
[118/1998] 036580 실패: [5] 허용된 요청 개수를 초과하였습니다[1700:허용된 API 요청 개수를 초과하였습니다. 유량=1, API ID=ka10059]
[119/1998] 036620 실패: [5] 허용된 요청 개수를 초과하였습니다[1700:허용된 API 요청 개수를 초과하였습니다. 유량=1, API ID=ka10059]
[120/1998] 036630 실패: [5] 허용된 요청 개수를 초과하였습니다[1700:허용된 API 요청 개수를 초과하였습니다. 유량=1, API ID=ka10059]
[121/1998] 036640 실패: [5] 허용된 요청 개수를 초과하였습니다[1700:허용된 API 요청 개수를 초과하였습니다. 유량=1, API ID=ka10059]
[122/1998] 036670 실패: [5] 허용된 요청 개수를 초과하였습니다[1700:허용된 API 요청 개수를 초과하였습니다. 유량=1, API ID=ka10059]
[123/1998] 036690 실패: [5] 허용된 요청 개수를 초과하였습니다[1700:허용된 API 요청 개수를 초과하였습니다. 유량=1, API ID=ka10059]
[124/1998] 036710 실패: [5] 허용된 요청 개수를 초과하였습니다[1700:허용된 API 요청 개수를 초과하였습니다. 유량=1, API ID=ka10059]
[125/1998] 036800 실패: [5] 허용된 요청 개수를 초과하였습니다[1700:허용된 API 요청 개수를 초과하였습니다. 유량=1, API ID=ka10059]
[126/1998] 036810 실패: [5] 허용된 요청 개수를 초과하였습니다[1700:허용된 API 요청 개수를 초과하였습니다. 유량=1, API ID=ka10059]
[127/1998] 036830 실패: [5] 허용된 요청 개수를 초과하였습니다[1700:허용된 API 요청 개수를 초과하였습니다. 유량=1, API ID=ka10059]
[128/1998] 036890 실패: [5] 허용된 요청 개수를 초과하였습니다[1700:허용된 API 요청 개수를 초과하였습니다. 유량=1, API ID=ka10059]
[129/1998] 036930 실패: [5] 허용된 요청 개수를 초과하였습니다[1700:허용된 API 요청 개수를 초과하였습니다. 유량=1, API ID=ka10059]
[130/1998] 037030 실패: [5] 허용된 요청 개수를 초과하였습니다[1700:허용된 API 요청 개수를 초과하였습니다. 유량=1, API ID=ka10059]
[131/1998] 037070 실패: [5] 허용된 요청 개수를 초과하였습니다[1700:허용된 API 요청 개수를 초과하였습니다. 유량=1, API ID=ka10059]
[132/1998] 037230 실패: [5] 허용된 요청 개수를 초과하였습니다[1700:허용된 API 요청 개수를 초과하였습니다. 유량=1, API ID=ka10059]
[133/1998] 037270 실패: [5] 허용된 요청 개수를 초과하였습니다[1700:허용된 API 요청 개수를 초과하였습니다. 유량=1, API ID=ka10059]
[134/1998] 037330 실패: [5] 허용된 요청 개수를 초과하였습니다[1700:허용된 API 요청 개수를 초과하였습니다. 유량=1, API ID=ka10059]
[135/1998] 037350 실패: [5] 허용된 요청 개수를 초과하였습니다[1700:허용된 API 요청 개수를 초과하였습니다. 유량=1, API ID=ka10059]
[136/1998] 037370 실패: [5] 허용된 요청 개수를 초과하였습니다[1700:허용된 API 요청 개수를 초과하였습니다. 유량=1, API ID=ka10059]
[137/1998] 037400 실패: [5] 허용된 요청 개수를 초과하였습니다[1700:허용된 API 요청 개수를 초과하였습니다. 유량=1, API ID=ka10059]
[138/1998] 037440 실패: [5] 허용된 요청 개수를 초과하였습니다[1700:허용된 API 요청 개수를 초과하였습니다. 유량=1, API ID=ka10059]
[139/1998] 037460 실패: [5] 허용된 요청 개수를 초과하였습니다[1700:허용된 API 요청 개수를 초과하였습니다. 유량=1, API ID=ka10059]
[140/1998] 037560 실패: [5] 허용된 요청 개수를 초과하였습니다[1700:허용된 API 요청 개수를 초과하였습니다. 유량=1, API ID=ka10059]
[141/1998] 037710 실패: [5] 허용된 요청 개수를 초과하였습니다[1700:허용된 API 요청 개수를 초과하였습니다. 유량=1, API ID=ka10059]
[142/1998] 037760 실패: [5] 허용된 요청 개수를 초과하였습니다[1700:허용된 API 요청 개수를 초과하였습니다. 유량=1, API ID=ka10059]
[143/1998] 037950 실패: [5] 허용된 요청 개수를 초과하였습니다[1700:허용된 API 요청 개수를 초과하였습니다. 유량=1, API ID=ka10059]
[144/1998] 038010 실패: [5] 허용된 요청 개수를 초과하였습니다[1700:허용된 API 요청 개수를 초과하였습니다. 유량=1, API ID=ka10059]
[145/1998] 038060 실패: [5] 허용된 요청 개수를 초과하였습니다[1700:허용된 API 요청 개수를 초과하였습니다. 유량=1, API ID=ka10059]
[146/1998] 038070 실패: [5] 허용된 요청 개수를 초과하였습니다[1700:허용된 API 요청 개수를 초과하였습니다. 유량=1, API ID=ka10059]
[147/1998] 038110 실패: [5] 허용된 요청 개수를 초과하였습니다[1700:허용된 API 요청 개수를 초과하였습니다. 유량=1, API ID=ka10059]
[148/1998] 038290 실패: [5] 허용된 요청 개수를 초과하였습니다[1700:허용된 API 요청 개수를 초과하였습니다. 유량=1, API ID=ka10059]
[149/1998] 038390 실패: [5] 허용된 요청 개수를 초과하였습니다[1700:허용된 API 요청 개수를 초과하였습니다. 유량=1, API ID=ka10059]
[150/1998] 038460 실패: [5] 허용된 요청 개수를 초과하였습니다[1700:허용된 API 요청 개수를 초과하였습니다. 유량=1, API ID=ka10059]
[150/1998] 진행 중 (실패 150)
[151/1998] 038500 실패: [5] 허용된 요청 개수를 초과하였습니다[1700:허용된 API 요청 개수를 초과하였습니다. 유량=1, API ID=ka10059]
[152/1998] 038530 실패: [5] 허용된 요청 개수를 초과하였습니다[1700:허용된 API 요청 개수를 초과하였습니다. 유량=1, API ID=ka10059]
[153/1998] 038540 실패: [5] 허용된 요청 개수를 초과하였습니다[1700:허용된 API 요청 개수를 초과하였습니다. 유량=1, API ID=ka10059]
[154/1998] 038620 실패: [5] 허용된 요청 개수를 초과하였습니다[1700:허용된 API 요청 개수를 초과하였습니다. 유량=1, API ID=ka10059]
[155/1998] 038680 실패: [5] 허용된 요청 개수를 초과하였습니다[1700:허용된 API 요청 개수를 초과하였습니다. 유량=1, API ID=ka10059]
[156/1998] 038870 실패: [5] 허용된 요청 개수를 초과하였습니다[1700:허용된 API 요청 개수를 초과하였습니다. 유량=1, API ID=ka10059]
[157/1998] 038880 실패: [5] 허용된 요청 개수를 초과하였습니다[1700:허용된 API 요청 개수를 초과하였습니다. 유량=1, API ID=ka10059]
[158/1998] 038950 실패: [5] 허용된 요청 개수를 초과하였습니다[1700:허용된 API 요청 개수를 초과하였습니다. 유량=1, API ID=ka10059]
[159/1998] 039010 실패: [5] 허용된 요청 개수를 초과하였습니다[1700:허용된 API 요청 개수를 초과하였습니다. 유량=1, API ID=ka10059]
[160/1998] 039020 실패: [5] 허용된 요청 개수를 초과하였습니다[1700:허용된 API 요청 개수를 초과하였습니다. 유량=1, API ID=ka10059]
[161/1998] 039030 실패: [5] 허용된 요청 개수를 초과하였습니다[1700:허용된 API 요청 개수를 초과하였습니다. 유량=1, API ID=ka10059]
[162/1998] 039130 실패: [5] 허용된 요청 개수를 초과하였습니다[1700:허용된 API 요청 개수를 초과하였습니다. 유량=1, API ID=ka10059]
[163/1998] 039200 실패: [5] 허용된 요청 개수를 초과하였습니다[1700:허용된 API 요청 개수를 초과하였습니다. 유량=1, API ID=ka10059]
[164/1998] 039240 실패: [5] 허용된 요청 개수를 초과하였습니다[1700:허용된 API 요청 개수를 초과하였습니다. 유량=1, API ID=ka10059]
[165/1998] 039290 실패: [5] 허용된 요청 개수를 초과하였습니다[1700:허용된 API 요청 개수를 초과하였습니다. 유량=1, API ID=ka10059]
[166/1998] 039310 실패: [5] 허용된 요청 개수를 초과하였습니다[1700:허용된 API 요청 개수를 초과하였습니다. 유량=1, API ID=ka10059]
[167/1998] 039340 실패: [5] 허용된 요청 개수를 초과하였습니다[1700:허용된 API 요청 개수를 초과하였습니다. 유량=1, API ID=ka10059]
[168/1998] 039420 실패: [5] 허용된 요청 개수를 초과하였습니다[1700:허용된 API 요청 개수를 초과하였습니다. 유량=1, API ID=ka10059]
[169/1998] 039440 실패: [5] 허용된 요청 개수를 초과하였습니다[1700:허용된 API 요청 개수를 초과하였습니다. 유량=1, API ID=ka10059]
[170/1998] 039490 실패: [5] 허용된 요청 개수를 초과하였습니다[1700:허용된 API 요청 개수를 초과하였습니다. 유량=1, API ID=ka10059]
[171/1998] 039560 실패: [5] 허용된 요청 개수를 초과하였습니다[1700:허용된 API 요청 개수를 초과하였습니다. 유량=1, API ID=ka10059]
[172/1998] 039570 실패: [5] 허용된 요청 개수를 초과하였습니다[1700:허용된 API 요청 개수를 초과하였습니다. 유량=1, API ID=ka10059]
[173/1998] 039610 실패: [5] 허용된 요청 개수를 초과하였습니다[1700:허용된 API 요청 개수를 초과하였습니다. 유량=1, API ID=ka10059]
[174/1998] 039740 실패: [5] 허용된 요청 개수를 초과하였습니다[1700:허용된 API 요청 개수를 초과하였습니다. 유량=1, API ID=ka10059]
[175/1998] 039830 실패: [5] 허용된 요청 개수를 초과하였습니다[1700:허용된 API 요청 개수를 초과하였습니다. 유량=1, API ID=ka10059]
[176/1998] 039840 실패: [5] 허용된 요청 개수를 초과하였습니다[1700:허용된 API 요청 개수를 초과하였습니다. 유량=1, API ID=ka10059]
[177/1998] 039860 실패: [5] 허용된 요청 개수를 초과하였습니다[1700:허용된 API 요청 개수를 초과하였습니다. 유량=1, API ID=ka10059]
[178/1998] 039980 실패: [5] 허용된 요청 개수를 초과하였습니다[1700:허용된 API 요청 개수를 초과하였습니다. 유량=1, API ID=ka10059]
[179/1998] 040160 실패: [5] 허용된 요청 개수를 초과하였습니다[1700:허용된 API 요청 개수를 초과하였습니다. 유량=1, API ID=ka10059]
[180/1998] 040300 실패: [5] 허용된 요청 개수를 초과하였습니다[1700:허용된 API 요청 개수를 초과하였습니다. 유량=1, API ID=ka10059]
[181/1998] 040350 실패: [5] 허용된 요청 개수를 초과하였습니다[1700:허용된 API 요청 개수를 초과하였습니다. 유량=1, API ID=ka10059]
[182/1998] 040420 실패: [5] 허용된 요청 개수를 초과하였습니다[1700:허용된 API 요청 개수를 초과하였습니다. 유량=1, API ID=ka10059]
[183/1998] 040610 실패: [5] 허용된 요청 개수를 초과하였습니다[1700:허용된 API 요청 개수를 초과하였습니다. 유량=1, API ID=ka10059]
[184/1998] 040910 실패: [5] 허용된 요청 개수를 초과하였습니다[1700:허용된 API 요청 개수를 초과하였습니다. 유량=1, API ID=ka10059]
[185/1998] 041020 실패: [5] 허용된 요청 개수를 초과하였습니다[1700:허용된 API 요청 개수를 초과하였습니다. 유량=1, API ID=ka10059]
[186/1998] 041190 실패: [5] 허용된 요청 개수를 초과하였습니다[1700:허용된 API 요청 개수를 초과하였습니다. 유량=1, API ID=ka10059]
[187/1998] 041440 실패: [5] 허용된 요청 개수를 초과하였습니다[1700:허용된 API 요청 개수를 초과하였습니다. 유량=1, API ID=ka10059]
[188/1998] 041460 실패: [5] 허용된 요청 개수를 초과하였습니다[1700:허용된 API 요청 개수를 초과하였습니다. 유량=1, API ID=ka10059]
[189/1998] 041510 실패: [5] 허용된 요청 개수를 초과하였습니다[1700:허용된 API 요청 개수를 초과하였습니다. 유량=1, API ID=ka10059]
[190/1998] 041520 실패: [5] 허용된 요청 개수를 초과하였습니다[1700:허용된 API 요청 개수를 초과하였습니다. 유량=1, API ID=ka10059]
[191/1998] 041590 실패: [5] 허용된 요청 개수를 초과하였습니다[1700:허용된 API 요청 개수를 초과하였습니다. 유량=1, API ID=ka10059]
[192/1998] 041650 실패: [5] 허용된 요청 개수를 초과하였습니다[1700:허용된 API 요청 개수를 초과하였습니다. 유량=1, API ID=ka10059]
[193/1998] 041830 실패: [5] 허용된 요청 개수를 초과하였습니다[1700:허용된 API 요청 개수를 초과하였습니다. 유량=1, API ID=ka10059]
[194/1998] 041910 실패: [5] 허용된 요청 개수를 초과하였습니다[1700:허용된 API 요청 개수를 초과하였습니다. 유량=1, API ID=ka10059]
[195/1998] 041920 실패: [5] 허용된 요청 개수를 초과하였습니다[1700:허용된 API 요청 개수를 초과하였습니다. 유량=1, API ID=ka10059]
[196/1998] 041930 실패: [5] 허용된 요청 개수를 초과하였습니다[1700:허용된 API 요청 개수를 초과하였습니다. 유량=1, API ID=ka10059]
[197/1998] 041960 실패: [5] 허용된 요청 개수를 초과하였습니다[1700:허용된 API 요청 개수를 초과하였습니다. 유량=1, API ID=ka10059]
[198/1998] 042000 실패: [5] 허용된 요청 개수를 초과하였습니다[1700:허용된 API 요청 개수를 초과하였습니다. 유량=1, API ID=ka10059]
[199/1998] 042040 실패: [5] 허용된 요청 개수를 초과하였습니다[1700:허용된 API 요청 개수를 초과하였습니다. 유량=1, API ID=ka10059]
[200/1998] 042110 실패: [5] 허용된 요청 개수를 초과하였습니다[1700:허용된 API 요청 개수를 초과하였습니다. 유량=1, API ID=ka10059]
[200/1998] 진행 중 (실패 200)
[201/1998] 042370 실패: [5] 허용된 요청 개수를 초과하였습니다[1700:허용된 API 요청 개수를 초과하였습니다. 유량=1, API ID=ka10059]
[202/1998] 042420 실패: [5] 허용된 요청 개수를 초과하였습니다[1700:허용된 API 요청 개수를 초과하였습니다. 유량=1, API ID=ka10059]
[203/1998] 042500 실패: [5] 허용된 요청 개수를 초과하였습니다[1700:허용된 API 요청 개수를 초과하였습니다. 유량=1, API ID=ka10059]
[204/1998] 042510 실패: [5] 허용된 요청 개수를 초과하였습니다[1700:허용된 API 요청 개수를 초과하였습니다. 유량=1, API ID=ka10059]
[205/1998] 042520 실패: [5] 허용된 요청 개수를 초과하였습니다[1700:허용된 API 요청 개수를 초과하였습니다. 유량=1, API ID=ka10059]
[206/1998] 042600 실패: [5] 허용된 요청 개수를 초과하였습니다[1700:허용된 API 요청 개수를 초과하였습니다. 유량=1, API ID=ka10059]
[207/1998] 042660 실패: [5] 허용된 요청 개수를 초과하였습니다[1700:허용된 API 요청 개수를 초과하였습니다. 유량=1, API ID=ka10059]
[208/1998] 042700 실패: [5] 허용된 요청 개수를 초과하였습니다[1700:허용된 API 요청 개수를 초과하였습니다. 유량=1, API ID=ka10059]
[209/1998] 042940 실패: [5] 허용된 요청 개수를 초과하였습니다[1700:허용된 API 요청 개수를 초과하였습니다. 유량=1, API ID=ka10059]
[210/1998] 043100 실패: [5] 허용된 요청 개수를 초과하였습니다[1700:허용된 API 요청 개수를 초과하였습니다. 유량=1, API ID=ka10059]
[211/1998] 043150 실패: [5] 허용된 요청 개수를 초과하였습니다[1700:허용된 API 요청 개수를 초과하였습니다. 유량=1, API ID=ka10059]
[212/1998] 043200 실패: [5] 허용된 요청 개수를 초과하였습니다[1700:허용된 API 요청 개수를 초과하였습니다. 유량=1, API ID=ka10059]
[213/1998] 043220 실패: [5] 허용된 요청 개수를 초과하였습니다[1700:허용된 API 요청 개수를 초과하였습니다. 유량=1, API ID=ka10059]
[214/1998] 043260 실패: [5] 허용된 요청 개수를 초과하였습니다[1700:허용된 API 요청 개수를 초과하였습니다. 유량=1, API ID=ka10059]
[215/1998] 043340 실패: [5] 허용된 요청 개수를 초과하였습니다[1700:허용된 API 요청 개수를 초과하였습니다. 유량=1, API ID=ka10059]
[216/1998] 043360 실패: [5] 허용된 요청 개수를 초과하였습니다[1700:허용된 API 요청 개수를 초과하였습니다. 유량=1, API ID=ka10059]
